=== Issue2Action Email Routing Test ===

[Setup] Fetching test user...
Γ£à Backend is healthy

Using user_id: 9a7937b5-6c5c-42b3-9d98-14437edab549

--- TEST 1: "Broken road in Salt Lake" ---
Γ£à Issue created: I2A-2026-7071
   AI Type: Other
   AI Department: Municipal Corporation
   AI Priority: medium
   AI Confidence: 50
   Issue stored successfully: true
   Timeline events: 1

--- TEST 2: "Water leak in Salt Lake" ---
Γ£à Issue created: I2A-2026-3210
   AI Type: Other
   AI Department: Municipal Corporation

--- TEST 3: "Garbage dumped at Park Street" ---
Γ£à Issue created: I2A-2026-8756
   AI Type: Other
   AI Department: Municipal Corporation

ΓÅ│ Waiting 5s for async email dispatches...

--- VERIFICATION: Checking email_logs ---
Γ£à Server still healthy. Check server console for debug output:
   Expected logs should show:
   - Mapped Issue Type: Road/Water/Garbage
   - Matched Authority: (NOT admin@issue2action.org)
   - Final Email: authority-specific email

=== Test Complete ===
